../Core/Src/color_sensor.c:126:13:colorSetOutputFreqScaling	16	static
../Core/Src/color_sensor.c:151:6:colorSetPhotodiodeType	16	static
../Core/Src/color_sensor.c:181:6:colorSensorInit	16	static
../Core/Src/color_sensor.c:211:10:colorGetRedValue	16	static
../Core/Src/color_sensor.c:216:10:colorGetGreenValue	16	static
../Core/Src/color_sensor.c:221:6:colorDisable	104	static
../Core/Src/color_sensor.c:227:6:colorEnable	104	static
../Core/Src/color_sensor.c:236:10:colorHandleCalibrationSensor	24	static
../Core/Src/color_sensor.c:330:6:colorSensorHandleInputCapture_IT	16	static
../Core/Src/color_sensor.c:365:12:colorHandleCalibrationValues	24	static
../Core/Src/color_sensor.c:408:12:colorHandleRawValues	48	static
../Core/Src/color_sensor.c:504:13:colorAnalyse	24	static
../Core/Src/color_sensor.c:518:13:colorDoMeasureAgain	16	static
../Core/Src/color_sensor.c:551:6:timer_handle	8	static
../Core/Src/color_sensor.c:610:6:GPIO_write	16	static
