../Core/Src/color_sensor.c:125:13:colorSetOutputFreqScaling	16	static
../Core/Src/color_sensor.c:150:13:colorSetPhotodiodeType	16	static
../Core/Src/color_sensor.c:180:6:colorSensorInit	16	static
../Core/Src/color_sensor.c:202:10:colorGetRedValue	16	static
../Core/Src/color_sensor.c:207:10:colorGetGreenValue	16	static
../Core/Src/color_sensor.c:212:6:colorDisable	104	static
../Core/Src/color_sensor.c:218:6:colorEnable	104	static
../Core/Src/color_sensor.c:227:10:colorHandleCalibrationSensor	24	static
../Core/Src/color_sensor.c:320:6:colorSensorHandleInputCapture_IT	24	static
../Core/Src/color_sensor.c:355:12:colorHandleCalibrationValues	32	static
../Core/Src/color_sensor.c:396:12:colorHandleRawValues	48	static
../Core/Src/color_sensor.c:492:13:colorAnalyse	24	static
../Core/Src/color_sensor.c:506:13:colorDoMeasureAgain	16	static
../Core/Src/color_sensor.c:530:6:timer_handle	8	static
../Core/Src/color_sensor.c:589:6:GPIO_write	16	static
