../Core/Src/color_sensor.c:115:13:colorSetOutputFreqScaling	16	static
../Core/Src/color_sensor.c:140:6:colorSetPhotodiodeType	16	static
../Core/Src/color_sensor.c:170:6:colorSensorInit	16	static
../Core/Src/color_sensor.c:192:10:colorGetRedValue	16	static
../Core/Src/color_sensor.c:197:10:colorGetGreenValue	16	static
../Core/Src/color_sensor.c:202:6:colorDisable	104	static
../Core/Src/color_sensor.c:208:6:colorEnable	104	static
../Core/Src/color_sensor.c:217:10:colorHandleCalibrationSensor	24	static
../Core/Src/color_sensor.c:310:6:colorSensorHandleInputCapture_IT	24	static
../Core/Src/color_sensor.c:345:12:colorHandleCalibrationValues	32	static
../Core/Src/color_sensor.c:388:12:colorHandleRawValues	48	static
../Core/Src/color_sensor.c:484:13:colorAnalyse	24	static
../Core/Src/color_sensor.c:498:13:colorDoMeasureAgain	16	static
../Core/Src/color_sensor.c:522:6:timer_handle	8	static
../Core/Src/color_sensor.c:581:6:GPIO_write	16	static
