../Core/Src/color_sensor.c:128:13:colorSetOutputFreqScaling	16	static
../Core/Src/color_sensor.c:153:6:colorSetPhotodiodeType	16	static
../Core/Src/color_sensor.c:183:6:colorSensorInit	16	static
../Core/Src/color_sensor.c:213:10:colorGetRedValue	16	static
../Core/Src/color_sensor.c:218:10:colorGetGreenValue	16	static
../Core/Src/color_sensor.c:223:6:colorDisable	104	static
../Core/Src/color_sensor.c:229:6:colorEnable	104	static
../Core/Src/color_sensor.c:238:10:colorHandleCalibrationSensor	24	static
../Core/Src/color_sensor.c:332:6:colorSensorHandleInputCapture_IT	16	static
../Core/Src/color_sensor.c:367:12:colorHandleCalibrationValues	24	static
../Core/Src/color_sensor.c:410:12:colorHandleRawValues	32	static
../Core/Src/color_sensor.c:488:13:colorAnalyse	24	static
../Core/Src/color_sensor.c:510:13:colorDoMeasureAgain	16	static
../Core/Src/color_sensor.c:520:13:colorMeasureTask	24	static
../Core/Src/color_sensor.c:530:5:colorTaskCreation	24	static
../Core/Src/color_sensor.c:567:6:timer_handle	8	static
../Core/Src/color_sensor.c:626:6:GPIO_write	16	static
