../Core/Src/color_sensor.c:125:13:color_setOutputFreqScaling	16	static
../Core/Src/color_sensor.c:150:13:color_setPhotodiodeType	16	static
../Core/Src/color_sensor.c:180:6:color_sensor_init	16	static
../Core/Src/color_sensor.c:202:10:color_getRedValue	16	static
../Core/Src/color_sensor.c:207:10:color_getGreenValue	16	static
../Core/Src/color_sensor.c:212:6:color_disable	104	static
../Core/Src/color_sensor.c:218:6:color_enable	104	static
../Core/Src/color_sensor.c:227:10:color_handle_calibration_sensor	24	static
../Core/Src/color_sensor.c:320:6:color_sensor_handle_input_capture_IT	24	static
../Core/Src/color_sensor.c:355:12:color_handle_calibration_values	32	static
../Core/Src/color_sensor.c:396:12:color_handle_raw_values	48	static
../Core/Src/color_sensor.c:492:13:color_analyse	24	static
../Core/Src/color_sensor.c:506:13:color_do_measure_again	16	static
../Core/Src/color_sensor.c:530:6:timer_handle	8	static
../Core/Src/color_sensor.c:589:6:GPIO_write	16	static
