../Core/Src/main.c:69:6:HAL_GPIO_EXTI_Callback	16	static
../Core/Src/main.c:89:6:bidonTask	16	static
../Core/Src/main.c:95:6:task_process_Wake_Up	24	static
../Core/Src/main.c:113:6:creationTaskProcessing	16	static
../Core/Src/main.c:144:5:main	8	static
../Core/Src/main.c:250:6:SystemClock_Config	88	static
../Core/Src/main.c:301:5:__io_putchar	16	static
../Core/Src/main.c:308:5:__io_getchar	16	static
../Core/Src/main.c:330:6:HAL_TIM_PeriodElapsedCallback	16	static
../Core/Src/main.c:347:6:Error_Handler	4	static,ignoring_inline_asm
