../Core/Src/main.c:72:6:HAL_GPIO_EXTI_Callback	16	static
../Core/Src/main.c:92:6:bidonTask	16	static
../Core/Src/main.c:100:6:task_process_Wake_Up	24	static
../Core/Src/main.c:118:6:creationTaskProcessing	16	static
../Core/Src/main.c:149:5:main	8	static
../Core/Src/main.c:255:6:SystemClock_Config	88	static
../Core/Src/main.c:306:5:__io_putchar	16	static
../Core/Src/main.c:313:5:__io_getchar	16	static
../Core/Src/main.c:335:6:HAL_TIM_PeriodElapsedCallback	16	static
../Core/Src/main.c:352:6:Error_Handler	4	static,ignoring_inline_asm
