14:27:49 **** Incremental Build of configuration Debug for project couleur_fonctionel ****
make -j8 all 
arm-none-eabi-gcc "../Core/Src/color_sensor.c" -mcpu=cortex-m7 -std=gnu11 -g3 -DDEBUG -DUSE_HAL_DRIVER -DSTM32F746xx -c -I../Core/Inc -I../Drivers/STM32F7xx_HAL_Driver/Inc -I../Drivers/STM32F7xx_HAL_Driver/Inc/Legacy -I../Drivers/CMSIS/Device/ST/STM32F7xx/Include -I../Drivers/CMSIS/Include -O0 -ffunction-sections -fdata-sections -Wall -fstack-usage -MMD -MP -MF"Core/Src/color_sensor.d" -MT"Core/Src/color_sensor.o" --specs=nano.specs -mfpu=fpv5-sp-d16 -mfloat-abi=hard -mthumb -o "Core/Src/color_sensor.o"
arm-none-eabi-gcc -o "couleur_fonctionel.elf" @"objects.list"   -mcpu=cortex-m7 -T"C:\Users\bapti\Documents\GitHub\couleur_fonctionnel\couleur_fonctionel\STM32F746NGHX_FLASH.ld" --specs=nosys.specs -Wl,-Map="couleur_fonctionel.map" -Wl,--gc-sections -static --specs=nano.specs -mfpu=fpv5-sp-d16 -mfloat-abi=hard -mthumb -u _printf_float -Wl,--start-group -lc -lm -Wl,--end-group
Finished building target: couleur_fonctionel.elf
 
arm-none-eabi-size   couleur_fonctionel.elf 
arm-none-eabi-objdump -h -S  couleur_fonctionel.elf  > "couleur_fonctionel.list"
   text	   data	    bss	    dec	    hex	filename
  40804	    484	   2196	  43484	   a9dc	couleur_fonctionel.elf
Finished building: default.size.stdout
 
Finished building: couleur_fonctionel.list
 
14:28:01 **** Incremental Build of configuration Debug for project couleur_fonctionel ****
make -j8 all 
arm-none-eabi-size   couleur_fonctionel.elf 
   text	   data	    bss	    dec	    hex	filename
  40804	    484	   2196	  43484	   a9dc	couleur_fonctionel.elf
Finished building: default.size.stdout
 
