12:43:29 **** Incremental Build of configuration Debug for project couleur_fonctionel ****
make -j8 all 
arm-none-eabi-size   couleur_fonctionel.elf 
   text	   data	    bss	    dec	    hex	filename
  50828	    488	  18680	  69996	  1116c	couleur_fonctionel.elf
Finished building: default.size.stdout
 
12:43:47 **** Incremental Build of configuration Debug for project couleur_fonctionel ****
make -j8 all 
arm-none-eabi-size   couleur_fonctionel.elf 
   text	   data	    bss	    dec	    hex	filename
  50828	    488	  18680	  69996	  1116c	couleur_fonctionel.elf
Finished building: default.size.stdout
 
